// Jest Snapshot v1, https://goo.gl/fbAQLP

exports[`shopifyAuth / responds with a 400 when no shop query parameter is given 1`] = `"Expected a shop query parameter"`;

exports[`shopifyAuth / with cookie access and a prior top-level attempt redirects directly to the grant page and removes top-level cookie 1`] = `
"<!DOCTYPE html>
<html lang=\\"en\\">
<head>
    <meta charset=\\"utf-8\\">
    <meta name=\\"viewport\\" content=\\"width=device-width, initial-scale=1, shrink-to-fit=no\\">
    <meta name=\\"theme-color\\" content=\\"#000000\\">
    <!--
      manifest.json provides metadata used when your web app is added to the
      homescreen on Android. See https://developers.google.com/web/fundamentals/engage-and-retain/web-app-manifest/
    -->
    <link rel=\\"manifest\\" href=\\"/manifest.json\\">
    <link rel=\\"shortcut icon\\" href=\\"/favicon.ico\\">
    <script src=\\"https://code.jquery.com/jquery-3.3.1.min.js\\"></script>
    <link href=\\"https://stackpath.bootstrapcdn.com/font-awesome/4.7.0/css/font-awesome.min.css\\" rel=\\"stylesheet\\"
          integrity=\\"sha384-wvfXpqpZZVQGK6TAh5PVlGOfQNHSoD2xbE+QkPxCAFlNEevoEH3Sl0sibVcOQVnN\\" crossorigin=\\"anonymous\\">
    <!--
      Notice the use of  in the tags above.
      It will be replaced with the URL of the \`public\` folder during the build.
      Only files inside the \`public\` folder can be referenced from the HTML.

      Unlike \\"/favicon.ico\\" or \\"favicon.ico\\", \\"/favicon.ico\\" will
      work correctly both with client-side routing and a non-root public URL.
      Learn how to configure a non-root public URL by running \`npm run build\`.
    -->
    <title>React Index</title>
</head>
<body style=\\"overflow: hidden; margin:0;\\">
<noscript>
    You need to enable JavaScript to run this app.
</noscript>
<div id=\\"root\\"></div>
<!--
  This HTML file is a template.
  If you open it directly in the browser, you will see an empty page.

  You can add webfonts, meta tags, or analytics to this file.
  The build step will place the bundled scripts into the <body> tag.

      To begin the development, run \`npm start\` or \`yarn start\`.
      To create a production bundle, use \`npm run build\` or \`yarn build\`.
    -->
<script src=\\"/jquery-ui.min.js\\"></script>
<script type=\\"text/javascript\\" src=\\"static/js/index.bundle.js\\"></script></body>
</html>
"
`;

exports[`shopifyAuth / with cookie access but without a prior top-level attempt responds to get requests by returning a redirect page 1`] = `
"<!DOCTYPE html>
    <html>
      <head>
        <script type=\\"text/javascript\\">
          window.top.location.href = \\"https://shop1/admin/oauth/authorize?baseUrl=%2Fauth&scope=scope&client_id=key&redirect_uri=http%3A%2F%2Flocalhost%3A3000%2Fauth%2Fcallback\\"
        </script>
      </head>
    </html>"
`;
